--- gold: 5102005 bars, sessions gold_ldn 3753, gold_comex 3660  (2s)
NR gold_ldn all days                   n= 3738 (249.2/yr) avgR=+0.043 t=+1.1 win=27% coin=-0.149 L -0.073 S +0.163 | IS +0.042 OOS +0.050 (n 676) | yrs+ 8/15 worst -0.15 last60 +0.52 | risk 18bp
                                        12:-0.11 13:+0.47 14:-0.13 15:-0.02 16:-0.03 17:-0.06 18:+0.24 19:+0.12 20:+0.12 21:-0.15 22:+0.01 23:+0.03 24:-0.12 25:+0.05 26:+0.31
NR gold_ldn NR7                        n=  553 (36.9/yr) avgR=+0.299 t=+2.3 win=28% coin=-0.181 L +0.187 S +0.428 | IS +0.311 OOS +0.248 (n 104) | yrs+ 12/15 worst -0.77 last60 +0.39 | risk 17bp
                                        12:-0.01 13:+1.07 14:+0.04 15:+0.84 16:+0.08 17:-0.13 18:+0.55 19:+0.13 20:+0.49 21:+0.00 22:+0.32 23:+0.20 24:+0.11 25:+0.87 26:-0.77
NR gold_ldn NR4                        n=  975 (65.0/yr) avgR=+0.111 t=+1.3 win=27% coin=-0.232 L +0.007 S +0.220 | IS +0.093 OOS +0.188 (n 179) | yrs+ 9/15 worst -0.33 last60 -0.05 | risk 17bp
                                        12:-0.14 13:+0.79 14:+0.04 15:+0.35 16:+0.11 17:-0.11 18:+0.49 19:-0.27 20:+0.27 21:-0.33 22:+0.14 23:-0.32 24:+0.04 25:+0.59 26:-0.27
NR gold_ldn not NR4                    n= 2763 (184.2/yr) avgR=+0.020 t=+0.4 win=27% coin=-0.120 L -0.102 S +0.143 | IS +0.024 OOS -0.000 (n 497) | yrs+ 6/15 worst -0.18 last60 +0.58 | risk 18bp
                                        12:-0.11 13:+0.34 14:-0.18 15:-0.14 16:-0.07 17:-0.05 18:+0.15 19:+0.28 20:+0.06 21:-0.08 22:-0.04 23:+0.14 24:-0.17 25:-0.16 26:+0.52
NR gold_comex all days                 n= 3606 (240.4/yr) avgR=-0.007 t=-0.3 win=38% coin=-0.061 L -0.006 S -0.008 | IS -0.002 OOS -0.026 (n 666) | yrs+ 7/15 worst -0.39 last60 -0.53 | risk 30bp
                                        12:+0.03 13:-0.05 14:+0.04 15:-0.01 16:-0.11 17:-0.10 18:-0.02 19:-0.01 20:-0.09 21:+0.04 22:+0.19 23:+0.07 24:+0.08 25:+0.09 26:-0.39
NR gold_comex NR7                      n=  525 (35.0/yr) avgR=+0.048 t=+0.7 win=40% coin=-0.132 L +0.032 S +0.065 | IS +0.071 OOS -0.046 (n 103) | yrs+ 6/15 worst -0.44 last60 -0.11 | risk 30bp
                                        12:+0.22 13:-0.25 14:+1.10 15:-0.14 16:-0.31 17:-0.38 18:-0.04 19:-0.13 20:+0.29 21:+0.14 22:+0.71 23:-0.26 24:-0.11 25:+0.22 26:-0.44
NR gold_comex NR4                      n=  934 (62.3/yr) avgR=-0.026 t=-0.5 win=37% coin=-0.097 L +0.006 S -0.060 | IS -0.010 OOS -0.096 (n 175) | yrs+ 5/15 worst -0.59 last60 -0.37 | risk 31bp
                                        12:-0.06 13:-0.15 14:+0.39 15:-0.16 16:-0.13 17:-0.20 18:+0.08 19:-0.20 20:+0.07 21:-0.00 22:+0.45 23:-0.22 24:-0.05 25:+0.16 26:-0.59
NR gold_comex not NR4                  n= 2672 (178.1/yr) avgR=+0.000 t=+0.0 win=38% coin=-0.049 L -0.010 S +0.010 | IS +0.000 OOS -0.001 (n 491) | yrs+ 8/15 worst -0.32 last60 -0.52 | risk 30bp
                                        12:+0.06 13:-0.01 14:-0.07 15:+0.03 16:-0.10 17:-0.07 18:-0.05 19:+0.06 20:-0.16 21:+0.05 22:+0.10 23:+0.16 24:+0.12 25:+0.06 26:-0.32
WVB gold k=0.3 exit close              n= 3461 (230.7/yr) avgR=+0.040 t=+1.8 win=42% coin=-0.031 L +0.051 S +0.028 | IS +0.009 OOS +0.177 (n 641) | yrs+ 8/15 worst -0.07 last60 +0.28 | risk 59bp
                                        12:-0.01 13:+0.07 14:+0.06 15:+0.06 16:-0.01 17:-0.00 18:-0.03 19:-0.05 20:+0.11 21:-0.07 22:+0.01 23:-0.04 24:+0.11 25:+0.20 26:+0.24
WVB gold k=0.5 exit close              n= 2720 (181.3/yr) avgR=+0.073 t=+2.8 win=42% coin=-0.063 L +0.045 S +0.101 | IS +0.072 OOS +0.076 (n 526) | yrs+ 14/15 worst -0.01 last60 +0.16 | risk 54bp
                                        12:+0.08 13:+0.30 14:+0.08 15:+0.05 16:+0.08 17:+0.06 18:+0.00 19:+0.04 20:+0.17 21:-0.01 22:+0.00 23:+0.02 24:+0.02 25:+0.08 26:+0.17
WVB gold k=0.7 exit close              n= 1969 (131.3/yr) avgR=+0.093 t=+2.9 win=43% coin=-0.081 L +0.084 S +0.102 | IS +0.080 OOS +0.149 (n 376) | yrs+ 11/15 worst -0.10 last60 +0.19 | risk 50bp
                                        12:+0.13 13:+0.29 14:+0.18 15:-0.00 16:+0.19 17:-0.04 18:+0.01 19:+0.03 20:+0.19 21:+0.15 22:-0.02 23:-0.10 24:+0.15 25:+0.15 26:+0.15
OOPS gold                              n=  897 (59.8/yr) avgR=-0.148 t=-2.4 win=31% coin=-0.231 L -0.066 S -0.216 | IS -0.121 OOS -0.278 (n 156) | yrs+ 3/15 worst -0.52 last60 -0.44 | risk 32bp
                                        12:+0.14 13:-0.52 14:-0.27 15:-0.10 16:-0.15 17:+0.03 18:-0.31 19:+0.15 20:-0.15 21:-0.18 22:-0.02 23:-0.14 24:-0.19 25:-0.31 26:-0.37
--- US100: 63637 bars, sessions US100 1262  (15s)
NR US100 all days                      n= 1242 (207.0/yr) avgR=+0.089 t=+2.6 win=48% coin=-0.160 L +0.056 S +0.127 | IS +0.097 OOS +0.082 (n 685) | yrs+ 5/6 worst -0.04 last60 -0.14 | risk 62bp
                                        21:+0.06 22:+0.12 23:+0.08 24:+0.19 25:+0.07 26:-0.04
NR US100 NR7                           n=  188 (31.3/yr) avgR=+0.163 t=+1.8 win=49% coin=-0.123 L -0.026 S +0.373 | IS +0.227 OOS +0.113 (n 106) | yrs+ 6/6 worst +0.04 last60 +0.09 | risk 59bp
                                        21:+0.28 22:+0.25 23:+0.19 24:+0.14 25:+0.04 26:+0.24
NR US100 NR4                           n=  304 (50.7/yr) avgR=+0.140 t=+2.0 win=50% coin=-0.151 L +0.009 S +0.290 | IS +0.213 OOS +0.088 (n 177) | yrs+ 5/6 worst -0.00 last60 +0.02 | risk 60bp
                                        21:+0.18 22:+0.26 23:+0.18 24:+0.21 25:-0.00 26:+0.08
NR US100 not NR4                       n=  938 (156.3/yr) avgR=+0.072 t=+1.8 win=47% coin=-0.162 L +0.071 S +0.073 | IS +0.063 OOS +0.080 (n 508) | yrs+ 5/6 worst -0.07 last60 -0.21 | risk 63bp
                                        21:+0.02 22:+0.08 23:+0.05 24:+0.18 25:+0.10 26:-0.07
WVB US100 k=0.3 exit close             n= 1197 (199.5/yr) avgR=+0.026 t=+0.8 win=45% coin=-0.109 L -0.006 S +0.060 | IS +0.012 OOS +0.037 (n 652) | yrs+ 3/6 worst -0.14 last60 -0.17 | risk 68bp
                                        21:-0.11 22:+0.10 23:-0.04 24:+0.14 25:+0.07 26:-0.14
WVB US100 k=0.3 exit next open         n= 1190 (198.3/yr) avgR=+0.031 t=+0.7 win=41% coin=-0.103 L -0.018 S +0.083 | IS +0.039 OOS +0.024 (n 649) | yrs+ 4/6 worst -0.18 last60 -0.07 | risk 68bp
                                        21:+0.01 22:+0.10 23:-0.01 24:+0.15 25:+0.06 26:-0.18
WVB US100 k=0.5 exit close             n=  958 (159.7/yr) avgR=-0.327 t=-11.5 win=33% coin=-0.099 L -0.255 S -0.402 | IS -0.325 OOS -0.330 (n 521) | yrs+ 0/6 worst -0.46 last60 -0.63 | risk 64bp
                                        21:-0.40 22:-0.29 23:-0.34 24:-0.25 25:-0.30 26:-0.46
WVB US100 k=0.5 exit next open         n=  951 (158.5/yr) avgR=-0.308 t=-8.0 win=29% coin=-0.119 L -0.221 S -0.397 | IS -0.297 OOS -0.317 (n 518) | yrs+ 0/6 worst -0.42 last60 -0.46 | risk 64bp
                                        21:-0.42 22:-0.24 23:-0.32 24:-0.27 25:-0.30 26:-0.41
WVB US100 k=0.7 exit close             n=  703 (117.2/yr) avgR=-0.185 t=-5.1 win=38% coin=-0.102 L -0.135 S -0.230 | IS -0.079 OOS -0.276 (n 378) | yrs+ 0/6 worst -0.35 last60 -0.48 | risk 60bp
                                        21:-0.19 22:-0.01 23:-0.12 24:-0.20 25:-0.29 26:-0.35
WVB US100 k=0.7 exit next open         n=  698 (116.3/yr) avgR=-0.158 t=-3.1 win=37% coin=-0.176 L -0.045 S -0.259 | IS -0.043 OOS -0.257 (n 375) | yrs+ 1/6 worst -0.39 last60 -0.56 | risk 60bp
                                        21:-0.06 22:+0.05 23:-0.13 24:-0.20 25:-0.22 26:-0.39
OOPS US100                             n=  333 (55.5/yr) avgR=-0.631 t=-13.4 win=17% coin=-0.743 L -0.566 S -0.673 | IS -0.700 OOS -0.576 (n 186) | yrs+ 0/6 worst -0.84 last60 -0.48 | risk 30bp
                                        21:-0.84 22:-0.74 23:-0.61 24:-0.60 25:-0.60 26:-0.52
OOPS US100 (optimistic fill)           n=  333 (55.5/yr) avgR=+0.253 t=+2.2 win=39% coin=-0.317 L +0.268 S +0.244 | IS +0.316 OOS +0.204 (n 186) | yrs+ 6/6 worst +0.05 last60 +0.17 | risk 52bp
                                        21:+0.61 22:+0.36 23:+0.18 24:+0.05 25:+0.38 26:+0.14
--- US500: 63638 bars, sessions US500 1262  (19s)
NR US500 all days                      n= 1246 (207.7/yr) avgR=+0.066 t=+1.6 win=42% coin=-0.206 L +0.007 S +0.145 | IS +0.126 OOS +0.018 (n 687) | yrs+ 4/6 worst -0.05 last60 -0.14 | risk 37bp
                                        21:-0.02 22:+0.16 23:+0.13 24:+0.05 25:+0.04 26:-0.05
NR US500 NR7                           n=  213 (35.5/yr) avgR=+0.230 t=+2.3 win=46% coin=-0.203 L +0.220 S +0.243 | IS +0.329 OOS +0.157 (n 122) | yrs+ 4/6 worst -0.16 last60 +0.28 | risk 32bp
                                        21:-0.16 22:+0.53 23:+0.31 24:-0.08 25:+0.22 26:+0.37
NR US500 NR4                           n=  346 (57.7/yr) avgR=+0.223 t=+2.8 win=46% coin=-0.160 L +0.195 S +0.255 | IS +0.355 OOS +0.122 (n 196) | yrs+ 5/6 worst -0.17 last60 +0.09 | risk 33bp
                                        21:-0.17 22:+0.57 23:+0.31 24:+0.21 25:+0.10 26:+0.03
NR US500 not NR4                       n=  900 (150.0/yr) avgR=+0.006 t=+0.1 win=41% coin=-0.224 L -0.059 S +0.098 | IS +0.042 OOS -0.023 (n 491) | yrs+ 4/6 worst -0.08 last60 -0.08 | risk 38bp
                                        21:+0.04 22:+0.03 23:+0.05 24:-0.01 25:+0.01 26:-0.08
WVB US500 k=0.3 exit close             n= 1200 (200.0/yr) avgR=+0.006 t=+0.2 win=44% coin=-0.046 L +0.006 S +0.006 | IS +0.037 OOS -0.020 (n 654) | yrs+ 3/6 worst -0.09 last60 -0.15 | risk 49bp
                                        21:-0.07 22:+0.07 23:+0.04 24:-0.06 25:+0.08 26:-0.09
WVB US500 k=0.3 exit next open         n= 1192 (198.7/yr) avgR=-0.016 t=-0.4 win=39% coin=-0.016 L -0.012 S -0.022 | IS -0.000 OOS -0.030 (n 650) | yrs+ 3/6 worst -0.11 last60 -0.12 | risk 49bp
                                        21:-0.09 22:+0.02 23:+0.01 24:-0.04 25:+0.05 26:-0.11
WVB US500 k=0.5 exit close             n=  942 (157.0/yr) avgR=-0.204 t=-6.3 win=37% coin=-0.082 L -0.167 S -0.244 | IS -0.121 OOS -0.272 (n 515) | yrs+ 0/6 worst -0.49 last60 -0.55 | risk 45bp
                                        21:-0.22 22:-0.08 23:-0.13 24:-0.17 25:-0.21 26:-0.49
WVB US500 k=0.5 exit next open         n=  935 (155.8/yr) avgR=-0.208 t=-5.0 win=34% coin=-0.131 L -0.153 S -0.268 | IS -0.127 OOS -0.276 (n 512) | yrs+ 0/6 worst -0.43 last60 -0.46 | risk 45bp
                                        21:-0.24 22:-0.09 23:-0.13 24:-0.22 25:-0.21 26:-0.43
WVB US500 k=0.7 exit close             n=  685 (114.2/yr) avgR=-0.175 t=-4.6 win=39% coin=-0.087 L -0.095 S -0.252 | IS -0.096 OOS -0.240 (n 374) | yrs+ 0/6 worst -0.29 last60 -0.50 | risk 41bp
                                        21:-0.13 22:-0.05 23:-0.13 24:-0.16 25:-0.28 26:-0.29
WVB US500 k=0.7 exit next open         n=  680 (113.3/yr) avgR=-0.174 t=-3.4 win=35% coin=-0.183 L -0.047 S -0.296 | IS -0.076 OOS -0.254 (n 372) | yrs+ 0/6 worst -0.34 last60 -0.45 | risk 41bp
                                        21:-0.10 22:-0.04 23:-0.10 24:-0.20 25:-0.24 26:-0.34
OOPS US500                             n=  342 (57.0/yr) avgR=-0.581 t=-12.0 win=18% coin=-0.675 L -0.496 S -0.632 | IS -0.538 OOS -0.619 (n 182) | yrs+ 0/6 worst -0.97 last60 -0.64 | risk 24bp
                                        21:-0.97 22:-0.45 23:-0.52 24:-0.62 25:-0.58 26:-0.67
OOPS US500 (optimistic fill)           n=  342 (57.0/yr) avgR=+0.130 t=+1.5 win=38% coin=-0.211 L +0.074 S +0.164 | IS +0.080 OOS +0.174 (n 182) | yrs+ 3/6 worst -0.24 last60 -0.11 | risk 34bp
                                        21:+0.06 22:-0.02 23:+0.17 24:-0.02 25:+0.61 26:-0.24
--- AAPL: 56711 bars, sessions AAPL 2478  (22s)
NR AAPL all days                       n= 2391 (217.4/yr) avgR=-0.007 t=-0.3 win=45% coin=-0.064 L +0.002 S -0.015 | IS +0.001 OOS -0.026 (n 680) | yrs+ 6/11 worst -0.17 last60 +0.07 | risk 86bp
                                        15:+0.08 16:-0.06 17:+0.07 18:-0.06 19:-0.17 21:+0.18 22:+0.02 23:+0.01 24:-0.02 25:-0.05 26:+0.00
NR AAPL NR7                            n=  389 (35.4/yr) avgR=+0.090 t=+1.8 win=50% coin=-0.122 L +0.098 S +0.080 | IS +0.144 OOS -0.051 (n 108) | yrs+ 7/11 worst -0.15 last60 -0.04 | risk 80bp
                                        15:+0.10 16:+0.20 17:+0.30 18:+0.04 19:-0.15 21:+0.36 22:+0.20 23:+0.20 24:-0.02 25:-0.12 26:-0.00
NR AAPL NR4                            n=  638 (58.0/yr) avgR=+0.003 t=+0.1 win=46% coin=-0.052 L +0.057 S -0.060 | IS +0.041 OOS -0.091 (n 186) | yrs+ 6/11 worst -0.25 last60 -0.10 | risk 81bp
                                        15:-0.04 16:+0.08 17:+0.26 18:-0.02 19:-0.25 21:+0.11 22:+0.02 23:+0.20 24:-0.14 25:+0.02 26:-0.17
NR AAPL not NR4                        n= 1753 (159.4/yr) avgR=-0.010 t=-0.4 win=45% coin=-0.068 L -0.019 S +0.000 | IS -0.013 OOS -0.001 (n 494) | yrs+ 6/11 worst -0.14 last60 +0.11 | risk 89bp
                                        15:+0.14 16:-0.11 17:+0.01 18:-0.08 19:-0.14 21:+0.21 22:+0.02 23:-0.05 24:+0.02 25:-0.08 26:+0.06
WVB AAPL k=0.3 exit close              n= 2366 (215.1/yr) avgR=-0.076 t=-3.2 win=40% coin=-0.143 L -0.092 S -0.054 | IS -0.045 OOS -0.157 (n 656) | yrs+ 2/11 worst -0.21 last60 -0.10 | risk 81bp
                                        15:+0.08 16:-0.13 17:-0.07 18:-0.11 19:-0.21 21:-0.07 22:+0.11 23:-0.02 24:-0.17 25:-0.15 26:-0.15
WVB AAPL k=0.3 exit next open          n= 2356 (214.2/yr) avgR=-0.086 t=-2.8 win=38% coin=-0.149 L -0.118 S -0.043 | IS -0.048 OOS -0.187 (n 652) | yrs+ 3/11 worst -0.35 last60 +0.04 | risk 81bp
                                        15:+0.11 16:-0.20 17:-0.10 18:+0.06 19:-0.35 21:-0.21 22:+0.13 23:-0.01 24:-0.16 25:-0.25 26:-0.13
WVB AAPL k=0.5 exit close              n= 1927 (175.2/yr) avgR=-0.494 t=-26.9 win=25% coin=-0.032 L -0.536 S -0.446 | IS -0.482 OOS -0.525 (n 532) | yrs+ 0/11 worst -0.73 last60 -0.52 | risk 76bp
                                        15:-0.40 16:-0.57 17:-0.60 18:-0.47 19:-0.73 21:-0.37 22:-0.28 23:-0.46 24:-0.52 25:-0.57 26:-0.47
WVB AAPL k=0.5 exit next open          n= 1918 (174.4/yr) avgR=-0.467 t=-18.2 win=24% coin=-0.051 L -0.501 S -0.427 | IS -0.460 OOS -0.484 (n 528) | yrs+ 0/11 worst -0.82 last60 -0.47 | risk 76bp
                                        15:-0.39 16:-0.53 17:-0.55 18:-0.36 19:-0.82 21:-0.46 22:-0.26 23:-0.42 24:-0.46 25:-0.60 26:-0.37
WVB AAPL k=0.7 exit close              n= 1349 (122.6/yr) avgR=-0.407 t=-16.4 win=28% coin=-0.091 L -0.402 S -0.414 | IS -0.390 OOS -0.452 (n 383) | yrs+ 0/11 worst -0.61 last60 -0.37 | risk 72bp
                                        15:-0.32 16:-0.49 17:-0.42 18:-0.28 19:-0.61 21:-0.36 22:-0.21 23:-0.47 24:-0.39 25:-0.52 26:-0.44
WVB AAPL k=0.7 exit next open          n= 1345 (122.3/yr) avgR=-0.389 t=-11.6 win=28% coin=-0.143 L -0.381 S -0.399 | IS -0.387 OOS -0.394 (n 381) | yrs+ 0/11 worst -0.70 last60 -0.36 | risk 72bp
                                        15:-0.32 16:-0.48 17:-0.43 18:-0.21 19:-0.70 21:-0.41 22:-0.20 23:-0.44 24:-0.37 25:-0.49 26:-0.31
OOPS AAPL                              n=  565 (51.4/yr) avgR=-0.760 t=-19.2 win=12% coin=-0.909 L -0.745 S -0.774 | IS -0.729 OOS -0.835 (n 168) | yrs+ 0/11 worst -0.99 last60 -0.71 | risk 31bp
                                        15:-0.79 16:-0.67 17:-0.65 18:-0.76 19:-0.81 21:-0.98 22:-0.78 23:-0.54 24:-0.84 25:-0.99 26:-0.64
OOPS AAPL (optimistic fill)            n=  565 (51.4/yr) avgR=+0.292 t=+3.1 win=39% coin=-0.323 L +0.240 S +0.340 | IS +0.445 OOS -0.068 (n 168) | yrs+ 8/11 worst -0.28 last60 +0.06 | risk 63bp
                                        15:+0.61 16:+0.55 17:+0.52 18:+0.35 19:+0.47 21:+0.10 22:-0.08 23:+0.98 24:-0.28 25:+0.16 26:-0.12
--- TSLA: 20565 bars, sessions TSLA 1292  (27s)
NR TSLA all days                       n= 1253 (208.8/yr) avgR=+0.079 t=+2.7 win=49% coin=-0.124 L +0.045 S +0.117 | IS +0.100 OOS +0.061 (n 677) | yrs+ 6/6 worst +0.03 last60 -0.13 | risk 194bp
                                        21:+0.03 22:+0.15 23:+0.07 24:+0.04 25:+0.09 26:+0.04
NR TSLA NR7                            n=  180 (30.0/yr) avgR=+0.173 t=+2.0 win=50% coin=-0.126 L +0.154 S +0.194 | IS +0.287 OOS +0.070 (n 95) | yrs+ 5/6 worst -0.02 last60 +0.03 | risk 172bp
                                        21:+0.26 22:+0.22 23:+0.37 24:+0.13 25:-0.02 26:+0.11
NR TSLA NR4                            n=  329 (54.8/yr) avgR=+0.103 t=+1.8 win=50% coin=-0.096 L +0.092 S +0.115 | IS +0.156 OOS +0.054 (n 173) | yrs+ 4/6 worst -0.07 last60 +0.04 | risk 186bp
                                        21:-0.00 22:+0.17 23:+0.22 24:+0.17 25:-0.07 26:+0.09
NR TSLA not NR4                        n=  924 (154.0/yr) avgR=+0.071 t=+2.1 win=48% coin=-0.133 L +0.028 S +0.118 | IS +0.079 OOS +0.064 (n 504) | yrs+ 5/6 worst -0.00 last60 -0.07 | risk 200bp
                                        21:+0.04 22:+0.15 23:+0.02 24:-0.00 25:+0.16 26:+0.03
WVB TSLA k=0.3 exit close              n= 1233 (205.5/yr) avgR=+0.014 t=+0.4 win=43% coin=-0.153 L -0.016 S +0.045 | IS +0.043 OOS -0.012 (n 661) | yrs+ 4/6 worst -0.09 last60 +0.08 | risk 187bp
                                        21:+0.05 22:+0.15 23:-0.07 24:-0.09 25:+0.05 26:+0.02
WVB TSLA k=0.3 exit next open          n= 1225 (204.2/yr) avgR=+0.073 t=+1.7 win=42% coin=-0.181 L +0.079 S +0.067 | IS +0.130 OOS +0.024 (n 657) | yrs+ 5/6 worst -0.10 last60 +0.03 | risk 187bp
                                        21:+0.14 22:+0.15 23:+0.10 24:+0.09 25:+0.06 26:-0.10
WVB TSLA k=0.5 exit close              n=  986 (164.3/yr) avgR=-0.452 t=-17.1 win=25% coin=-0.096 L -0.488 S -0.417 | IS -0.467 OOS -0.440 (n 522) | yrs+ 0/6 worst -0.65 last60 -0.68 | risk 179bp
                                        21:-0.65 22:-0.44 23:-0.42 24:-0.45 25:-0.40 26:-0.47
WVB TSLA k=0.5 exit next open          n=  980 (163.3/yr) avgR=-0.424 t=-10.0 win=27% coin=-0.152 L -0.434 S -0.414 | IS -0.410 OOS -0.437 (n 519) | yrs+ 0/6 worst -0.59 last60 -0.55 | risk 179bp
                                        21:-0.59 22:-0.42 23:-0.32 24:-0.46 25:-0.43 26:-0.42
WVB TSLA k=0.7 exit close              n=  719 (119.8/yr) avgR=-0.267 t=-7.5 win=33% coin=-0.088 L -0.330 S -0.201 | IS -0.191 OOS -0.334 (n 381) | yrs+ 0/6 worst -0.41 last60 -0.51 | risk 167bp
                                        21:-0.21 22:-0.09 23:-0.28 24:-0.33 25:-0.29 26:-0.41
WVB TSLA k=0.7 exit next open          n=  714 (119.0/yr) avgR=-0.195 t=-3.9 win=34% coin=-0.215 L -0.245 S -0.141 | IS -0.150 OOS -0.234 (n 378) | yrs+ 0/6 worst -0.39 last60 -0.45 | risk 167bp
                                        21:-0.25 22:-0.10 23:-0.16 24:-0.13 25:-0.22 26:-0.39
OOPS TSLA                              n=  326 (54.3/yr) avgR=-0.672 t=-14.7 win=15% coin=-0.794 L -0.668 S -0.675 | IS -0.722 OOS -0.630 (n 177) | yrs+ 0/6 worst -0.85 last60 -0.60 | risk 88bp
                                        21:-0.85 22:-0.74 23:-0.67 24:-0.69 25:-0.64 26:-0.56
OOPS TSLA (optimistic fill)            n=  326 (54.3/yr) avgR=+0.429 t=+3.5 win=44% coin=-0.265 L +0.518 S +0.356 | IS +0.668 OOS +0.228 (n 177) | yrs+ 6/6 worst +0.19 last60 +0.34 | risk 168bp
                                        21:+1.68 22:+0.47 23:+0.55 24:+0.19 25:+0.28 26:+0.19
done in 31s
