pooled NR7: n=2048 avg +0.164 (t +3.9) vs other days n=11428 +0.007; diff +0.157 (t +3.5)
   by session diff: AAPL +0.11 TSLA +0.11 US100 +0.09 US500 +0.20 gold_comex +0.06 gold_ldn +0.30
pooled NR7 (6 sessions)                n= 2048 (136.5/yr) avgR=+0.164 t=+3.9 win=41% coin=-0.149 L +0.113 S +0.222 | IS +0.201 OOS +0.084 (n 638) | yrs+ 12/15 worst -0.08 last60 -0.05 | risk 37bp
                                        12:+0.10 13:+0.43 14:+0.54 15:+0.26 16:+0.01 17:-0.08 18:+0.17 19:-0.04 20:+0.39 21:+0.12 22:+0.38 23:+0.18 24:+0.03 25:+0.21 26:-0.06
pooled NR7 excl gold_ldn               n= 1495 (99.7/yr) avgR=+0.114 t=+3.4 win=46% coin=-0.138 L +0.085 S +0.147 | IS +0.149 OOS +0.052 (n 534) | yrs+ 10/15 worst -0.25 last60 +0.01 | risk 54bp
                                        12:+0.22 13:-0.25 14:+1.10 15:-0.00 16:-0.02 17:-0.05 18:+0.01 19:-0.14 20:+0.29 21:+0.16 22:+0.39 23:+0.18 24:+0.01 25:+0.08 26:+0.07
pooled NR4: n=3526 avg +0.068 (t +2.2) vs other days n=9950 +0.018; diff +0.050 (t +1.5)
   by session diff: AAPL +0.01 TSLA +0.03 US100 +0.07 US500 +0.22 gold_comex -0.03 gold_ldn +0.09
pooled NR4 (6 sessions)                n= 3526 (235.1/yr) avgR=+0.068 t=+2.2 win=39% coin=-0.137 L +0.043 S +0.094 | IS +0.078 OOS +0.045 (n 1086) | yrs+ 10/15 worst -0.24 last60 -0.19 | risk 37bp
                                        12:-0.10 13:+0.34 14:+0.21 15:+0.05 16:+0.02 17:-0.03 18:+0.18 19:-0.24 20:+0.17 21:-0.09 22:+0.26 23:+0.06 24:+0.07 25:+0.13 26:-0.13
pooled NR4 excl gold_ldn               n= 2551 (170.1/yr) avgR=+0.051 t=+2.0 win=44% coin=-0.101 L +0.057 S +0.045 | IS +0.070 OOS +0.017 (n 907) | yrs+ 9/15 worst -0.22 last60 -0.26 | risk 55bp
                                        12:-0.06 13:-0.15 14:+0.39 15:-0.10 16:-0.02 17:+0.02 18:+0.03 19:-0.22 20:+0.07 21:+0.01 22:+0.29 23:+0.14 24:+0.08 25:+0.04 26:-0.10
WVB gold k=0.5 broker day (base)       n= 2720 (181.3/yr) avgR=+0.073 t=+2.8 win=42% coin=-0.063 L +0.045 S +0.101 | IS +0.072 OOS +0.076 (n 526) | yrs+ 14/15 worst -0.01 last60 +0.16 | risk 54bp
                                        12:+0.08 13:+0.30 14:+0.08 15:+0.05 16:+0.08 17:+0.06 18:+0.00 19:+0.04 20:+0.17 21:-0.01 22:+0.00 23:+0.02 24:+0.02 25:+0.08 26:+0.17
WVB gold k=0.5 UTC day                 n= 2729 (181.9/yr) avgR=+0.096 t=+3.8 win=43% coin=-0.098 L +0.091 S +0.101 | IS +0.087 OOS +0.133 (n 518) | yrs+ 14/15 worst -0.01 last60 +0.24 | risk 54bp
                                        12:+0.08 13:+0.30 14:+0.18 15:+0.02 16:+0.08 17:+0.08 18:+0.03 19:+0.04 20:+0.23 21:+0.00 22:+0.05 23:-0.01 24:+0.05 25:+0.10 26:+0.32
WVB gold k=0.5 COMEX 08:20-16:00       n= 2681 (178.7/yr) avgR=+0.006 t=+0.2 win=39% coin=-0.043 L +0.043 S -0.029 | IS +0.014 OOS -0.032 (n 493) | yrs+ 8/15 worst -0.16 last60 -0.23 | risk 40bp
                                        12:+0.03 13:+0.06 14:-0.03 15:+0.14 16:-0.12 17:-0.16 18:-0.10 19:-0.01 20:+0.10 21:+0.05 22:+0.09 23:+0.12 24:-0.06 25:+0.04 26:-0.09
WVB gold k=0.5 FTMO M15 2022-07+       n=  834 (166.8/yr) avgR=+0.044 t=+1.0 win=44% coin=-0.033 L +0.065 S +0.020 | IS -0.024 OOS +0.079 (n 555) | yrs+ 4/5 worst -0.04 last60 +0.12 | risk 64bp
                                        22:+0.01 23:-0.04 24:+0.03 25:+0.06 26:+0.17
WVB gold k=0.5 MT4 M1 same period      n=  808 (161.6/yr) avgR=+0.059 t=+1.4 win=45% coin=-0.050 L +0.110 S -0.006 | IS +0.026 OOS +0.076 (n 526) | yrs+ 5/5 worst +0.02 last60 +0.16 | risk 64bp
                                        22:+0.04 23:+0.02 24:+0.02 25:+0.08 26:+0.17
