
==== US100.cash daily 2018-01-21..2026-10-07 (2556 days) ====
8 reversal after 3 down/up closes (both sides): n=338 avgR=+0.022 t=+0.5 win=65%  halves -0.015/+0.060
   per year: {2018: -0.06, 2019: -0.26, 2020: -0.07, 2021: 0.23, 2022: 0.07, 2023: 0.07, 2024: -0.15, 2025: -0.06, 2026: 0.37}
   longs after 3 down: n=124 avgR=+0.083 t=+1.0 win=70%  halves -0.009/+0.176
   per year: {2018: 0.1, 2019: -0.43, 2020: -0.26, 2021: 0.31, 2022: 0.1, 2023: 0.16, 2024: -0.19, 2025: -0.08, 2026: 0.73}
   shorts after 3 up: n=214 avgR=-0.013 t=-0.2 win=63%  halves -0.019/-0.007
   per year: {2018: -0.21, 2019: -0.22, 2020: 0.01, 2021: 0.2, 2022: 0.04, 2023: 0.02, 2024: -0.13, 2025: -0.05, 2026: 0.16}
   baseline unconditional 5-day hold: avg +0.183 ATR

==== US500.cash daily 2018-01-21..2026-10-07 (2556 days) ====
8 reversal after 3 down/up closes (both sides): n=329 avgR=-0.012 t=-0.3 win=64%  halves -0.088/+0.064
   per year: {2018: -0.19, 2019: -0.21, 2020: -0.09, 2021: 0.01, 2022: 0.2, 2023: -0.04, 2024: 0.04, 2025: -0.06, 2026: 0.19}
   longs after 3 down: n=126 avgR=+0.058 t=+0.7 win=70%  halves -0.098/+0.214
   per year: {2018: -0.23, 2019: -1.14, 2020: 0.04, 2021: 0.08, 2022: 0.14, 2023: 0.07, 2024: 0.45, 2025: 0.0, 2026: 0.32}
   shorts after 3 up: n=203 avgR=-0.055 t=-1.0 win=61%  halves -0.079/-0.032
   per year: {2018: -0.15, 2019: -0.03, 2020: -0.16, 2021: -0.02, 2022: 0.29, 2023: -0.11, 2024: -0.19, 2025: -0.11, 2026: 0.1}
   baseline unconditional 5-day hold: avg +0.142 ATR

==== gold daily 2012-01-18..2026-10-07 ====
9 gold Donchian 20/10, 2 ATR trailing stop (both sides): n=167 avgR=+0.440 t=+2.0 win=44%  halves +0.140/+0.737
   per year: {2012: -0.5, 2013: 0.85, 2014: 0.64, 2015: 0.7, 2016: 0.09, 2017: 0.29, 2018: -0.01, 2019: -0.37, 2020: 0.91, 2021: -0.51, 2022: 0.02, 2023: 0.77, 2024: 0.27, 2025: 2.67, 2026: 2.25}
   longs: n=91 avgR=+0.801 t=+2.4 win=48%  halves -0.052/+1.635
   per year: {2012: -0.68, 2013: -0.45, 2014: 0.42, 2015: -0.01, 2016: 0.15, 2017: 0.71, 2018: -0.33, 2019: 0.27, 2020: 2.13, 2021: -0.32, 2022: -0.31, 2023: 0.6, 2024: 1.7, 2025: 3.85, 2026: 4.05}
   shorts: n=76 avgR=+0.009 t=+0.0 win=38%  halves +0.500/-0.483
   per year: {2012: -0.32, 2013: 1.14, 2014: 0.78, 2015: 1.27, 2016: 0.0, 2017: -0.37, 2018: 0.31, 2019: -1.64, 2020: -0.93, 2021: -0.7, 2022: 0.49, 2023: 1.12, 2024: -1.73, 2025: -2.07, 2026: 0.89}
   avg hold days 12.6 exits {'stop': 151, 'channel': 15, 'end': 1}
9b US100.cash Donchian 20/10 (both sides): n=103 avgR=-0.058 t=-0.3 win=40%  halves -0.253/+0.133
   per year: {2018: -1.08, 2019: 0.55, 2020: 0.61, 2021: -0.79, 2022: 0.01, 2023: 0.63, 2024: -0.23, 2025: 0.13, 2026: 0.25}
   longs: n=58 avgR=+0.483 t=+1.5 win=48%  halves +0.295/+0.671
   per year: {2018: -0.68, 2019: 1.76, 2020: 1.0, 2021: -0.41, 2022: -0.12, 2023: 1.71, 2024: -0.09, 2025: 0.13, 2026: 2.23}
9b US500.cash Donchian 20/10 (both sides): n=106 avgR=-0.290 t=-1.7 win=33%  halves -0.341/-0.238
   per year: {2018: -0.77, 2019: 0.1, 2020: 0.04, 2021: -0.76, 2022: -0.06, 2023: 0.16, 2024: 0.06, 2025: -0.52, 2026: -0.81}
   longs: n=56 avgR=+0.267 t=+1.1 win=46%  halves +0.158/+0.375
   per year: {2018: -0.89, 2019: 0.71, 2020: 0.56, 2021: -0.08, 2022: 0.28, 2023: 1.03, 2024: 0.69, 2025: -0.49, 2026: 0.96}
