Tokyo sweep entries: 2725  (stop median 2.2 $, 0.12 daily ATR)  | baseline buy-every-day entries: 3736

== Tokyo sweep entry ==
LIVE: hold to London open, no target         n= 2725 avgR=-0.024 t=-0.7 win=32% years>0 7/15 halves -0.104/+0.056 2024-26 +0.170
1R target, else London                       n= 2725 avgR=-0.103 t=-5.7 win=48% years>0 5/15 halves -0.185/-0.021 2024-26 +0.042
1.5R target, else London                     n= 2725 avgR=-0.077 t=-3.6 win=42% years>0 5/15 halves -0.155/+0.002 2024-26 +0.084
2R target, else London                       n= 2725 avgR=-0.072 t=-3.0 win=38% years>0 5/15 halves -0.152/+0.008 2024-26 +0.105
3R target, else London                       n= 2725 avgR=-0.060 t=-2.2 win=34% years>0 5/15 halves -0.136/+0.015 2024-26 +0.103
hold to NY 08:00, no target                  n= 2725 avgR=+0.006 t=+0.1 win=25% years>0 10/15 halves -0.099/+0.112 2024-26 +0.330
2R target, else NY 08:00                     n= 2725 avgR=-0.080 t=-3.1 win=35% years>0 5/15 halves -0.182/+0.021 2024-26 +0.124
3R target, else NY 08:00                     n= 2725 avgR=-0.067 t=-2.2 win=30% years>0 6/15 halves -0.174/+0.041 2024-26 +0.142
hold to NY 16:00, no target                  n= 2725 avgR=+0.021 t=+0.4 win=18% years>0 8/15 halves -0.083/+0.125 2024-26 +0.480
2R target, else NY 16:00                     n= 2725 avgR=-0.074 t=-2.8 win=34% years>0 4/15 halves -0.178/+0.031 2024-26 +0.148
3R target, else NY 16:00                     n= 2725 avgR=-0.055 t=-1.7 win=27% years>0 5/15 halves -0.177/+0.067 2024-26 +0.181
hold 24h, no target                          n= 2725 avgR=+0.085 t=+1.3 win=17% years>0 10/15 halves -0.030/+0.199 2024-26 +0.629
3R target, else 24h                          n= 2725 avgR=-0.055 t=-1.7 win=27% years>0 5/15 halves -0.179/+0.068 2024-26 +0.189
stop x1.5, hold to London                    n= 2725 avgR=-0.038 t=-1.4 win=38% years>0 5/15 halves -0.088/+0.011 2024-26 +0.070
stop x2, hold to London                      n= 2725 avgR=-0.043 t=-1.9 win=41% years>0 5/15 halves -0.079/-0.006 2024-26 +0.042
stop x2, 2R, else NY 16:00                   n= 2725 avgR=-0.057 t=-2.3 win=36% years>0 5/15 halves -0.150/+0.036 2024-26 +0.087
stop 1 daily ATR, 2R, else 24h               n= 2725 avgR=+0.023 t=+1.7 win=51% years>0 9/15 halves -0.028/+0.075 2024-26 +0.121
stop 1 daily ATR, hold to NY 16:00           n= 2725 avgR=-0.003 t=-0.3 win=50% years>0 8/15 halves -0.052/+0.045 2024-26 +0.085
trail 1R after +1R, else NY 16:00            n= 2725 avgR=-0.072 t=-3.0 win=45% years>0 4/15 halves -0.147/+0.004 2024-26 +0.062
breakeven at +1R, 3R, else NY 16:00          n= 2725 avgR=-0.061 t=-2.2 win=19% years>0 5/15 halves -0.144/+0.022 2024-26 +0.084

== Baseline: buy at the 09:00 Tokyo open every day (no sweep), same exits ==
  base LIVE: hold to London open, no target  n= 3736 avgR=-0.045 t=-1.8 win=34% years>0 5/15 halves -0.118/+0.027 2024-26 +0.095
  base 1R target, else London                n= 3736 avgR=-0.086 t=-5.4 win=48% years>0 4/15 halves -0.145/-0.028 2024-26 +0.012
  base 1.5R target, else London              n= 3736 avgR=-0.073 t=-3.9 win=40% years>0 5/15 halves -0.150/+0.004 2024-26 +0.027
  base 2R target, else London                n= 3736 avgR=-0.077 t=-3.7 win=36% years>0 5/15 halves -0.151/-0.004 2024-26 +0.038
  base 3R target, else London                n= 3736 avgR=-0.059 t=-2.5 win=35% years>0 6/15 halves -0.133/+0.015 2024-26 +0.114
  base hold to NY 16:00, no target           n= 3736 avgR=-0.024 t=-0.6 win=19% years>0 5/15 halves -0.181/+0.133 2024-26 +0.399
  base hold 24h, no target                   n= 3736 avgR=-0.004 t=-0.1 win=18% years>0 6/15 halves -0.173/+0.165 2024-26 +0.446
