gold: 192 cells; cells with avgR > 0: 0; with avgR >= 0.05 and t >= 2 and both halves > 0: 0
 sym  tf   signal htf    stop exit     n   avgR  excess      t   win     h1    h2 years_pos   coin  longs  shorts
gold 15m     macd  4H 0.5dATR   3R 11461 -0.003   0.019 -0.465 0.465 -0.026 0.019      5/13 -0.023  0.009  -0.020
gold 15m     macd  4H 0.5dATR   2R 11461 -0.004   0.020 -0.634 0.467 -0.027 0.018      6/13 -0.025  0.009  -0.022
gold 15m     macd  1H 0.5dATR   3R 11453 -0.005   0.006 -0.721 0.460 -0.022 0.012      8/13 -0.011  0.007  -0.020
gold  5m ema20x50  4H 0.5dATR   3R  8636 -0.006   0.029 -0.739 0.460 -0.032 0.020      6/13 -0.035  0.014  -0.032
gold 15m     macd  1H 0.5dATR   2R 11453 -0.006   0.009 -0.873 0.461 -0.024 0.011      9/13 -0.016  0.005  -0.021
gold  5m  ema9x21  1H 0.5dATR   3R 20441 -0.008   0.011 -1.463 0.454 -0.025 0.010      8/13 -0.019 -0.001  -0.016
gold 15m ema20x50  1H   2xATR  opp  2632 -0.008   0.046 -0.244 0.327 -0.062 0.046      5/13 -0.054  0.020  -0.041
gold  5m ema20x50  1H 0.5dATR   3R  8531 -0.009   0.009 -1.047 0.458 -0.025 0.007      6/13 -0.018  0.001  -0.021
gold  5m  ema9x21  1H 0.5dATR   2R 20441 -0.009   0.012 -1.832 0.455 -0.028 0.009      8/13 -0.022 -0.004  -0.016
gold  5m ema20x50  4H 0.5dATR   2R  8636 -0.009   0.030 -1.176 0.460 -0.035 0.016      6/13 -0.040  0.010  -0.034
gold 15m ema20x50  4H 0.5dATR   3R  2784 -0.011  -0.006 -0.722 0.454 -0.024 0.003      3/13 -0.004  0.003  -0.028
gold  5m     macd  1H 0.5dATR   3R 35453 -0.011   0.010 -2.674 0.460 -0.025 0.004      5/13 -0.021  0.000  -0.025
...
 sym tf   signal  htf  stop exit     n   avgR  excess       t   win     h1     h2 years_pos   coin  longs  shorts
gold 5m  ema9x21 none 2xATR  opp 41053 -0.146  -0.005 -17.589 0.246 -0.222 -0.069      0/13 -0.141 -0.122  -0.169
gold 5m  ema9x21 none 2xATR   1R 41053 -0.143   0.000 -29.925 0.460 -0.227 -0.058      0/13 -0.143 -0.144  -0.141
gold 5m     macd none 2xATR  opp 70894 -0.142  -0.009 -30.585 0.291 -0.219 -0.065      0/13 -0.133 -0.128  -0.156
gold 5m ema20x50 none 2xATR   1R 17329 -0.141   0.008 -19.166 0.461 -0.226 -0.056      1/13 -0.149 -0.151  -0.131
gold 5m ema20x50   4H 2xATR   1R  8636 -0.140  -0.004 -13.448 0.462 -0.236 -0.045      1/13 -0.136 -0.127  -0.158
by signal: {'ema20x50': -0.057, 'ema9x21': -0.06, 'macd': -0.053, 'rsi': -0.06} | by htf: {'1H': -0.051, '4H': -0.055, 'none': -0.066}
by exit: {'1R': -0.065, '2R': -0.057, '3R': -0.052, 'opp': -0.055} | by stop: {'0.5dATR': -0.023, '2xATR': -0.092} | coin-flip mean: -0.059
