TSLA: 192 cells; cells with avgR > 0: 64; with avgR >= 0.05 and t >= 2 and both halves > 0: 1
 sym  tf   signal  htf  stop exit    n  avgR  excess     t   win    h1     h2 years_pos   coin  longs  shorts
TSLA  5m ema20x50   1H 2xATR   3R  847 0.081   0.006 1.690 0.397 0.077  0.086       6/6  0.075  0.107   0.054
TSLA  5m ema20x50   1H 2xATR  opp  847 0.080   0.023 1.594 0.368 0.068  0.092       5/6  0.057  0.105   0.053
TSLA  5m ema20x50 none 2xATR  opp 1725 0.077   0.054 2.182 0.377 0.080  0.074       6/6  0.023  0.061   0.093
TSLA 15m  ema9x21   1H 2xATR  opp  644 0.075   0.008 1.842 0.429 0.072  0.078       6/6  0.066  0.106   0.039
TSLA  5m ema20x50 none 2xATR   3R 1725 0.061   0.071 1.872 0.404 0.042  0.080       5/6 -0.009  0.049   0.073
TSLA 15m  ema9x21   1H 2xATR   3R  644 0.059   0.011 1.496 0.455 0.042  0.075       6/6  0.047  0.085   0.028
TSLA 15m  ema9x21   1H 2xATR   2R  644 0.058   0.013 1.544 0.457 0.028  0.088       5/6  0.044  0.084   0.027
TSLA 15m  ema9x21 none 2xATR  opp 1324 0.052   0.042 1.869 0.437 0.033  0.071       6/6  0.010  0.058   0.046
TSLA 15m     macd none 2xATR  opp 2361 0.049   0.038 2.595 0.428 0.075  0.023       5/6  0.011  0.044   0.054
TSLA 15m  ema9x21 none 2xATR   3R 1324 0.048   0.036 1.760 0.469 0.018  0.078       5/6  0.012  0.052   0.045
TSLA 15m ema20x50 none 2xATR   2R  590 0.047   0.067 1.245 0.483 0.130 -0.036       3/6 -0.020  0.055   0.039
TSLA 15m ema20x50 none 2xATR  opp  590 0.044   0.070 1.090 0.466 0.112 -0.024       3/6 -0.026  0.024   0.064
...
 sym  tf signal htf    stop exit   n   avgR  excess      t   win     h1     h2 years_pos   coin  longs  shorts
TSLA 15m    rsi  4H   2xATR   1R 626 -0.104  -0.103 -3.307 0.430 -0.073 -0.135       1/6 -0.001 -0.135  -0.065
TSLA 15m    rsi  4H   2xATR   3R 626 -0.101  -0.133 -2.875 0.404 -0.053 -0.148       1/6  0.032 -0.122  -0.073
TSLA 15m    rsi  4H   2xATR  opp 626 -0.100  -0.137 -2.871 0.404 -0.054 -0.147       1/6  0.037 -0.120  -0.076
TSLA 15m    rsi  4H   2xATR   2R 626 -0.095  -0.117 -2.735 0.406 -0.045 -0.146       1/6  0.021 -0.127  -0.056
TSLA 15m    rsi  4H 0.5dATR   3R 626 -0.082  -0.091 -2.989 0.423 -0.053 -0.112       1/6  0.009 -0.096  -0.066
by signal: {'ema20x50': 0.005, 'ema9x21': -0.001, 'macd': -0.004, 'rsi': -0.053} | by htf: {'1H': -0.014, '4H': -0.031, 'none': 0.006}
by exit: {'1R': -0.028, '2R': -0.013, '3R': -0.01, 'opp': -0.003} | by stop: {'0.5dATR': -0.012, '2xATR': -0.014} | coin-flip mean: -0.009
