US500: 192 cells; cells with avgR > 0: 25; with avgR >= 0.05 and t >= 2 and both halves > 0: 0
  sym  tf   signal  htf    stop exit    n  avgR  excess     t   win     h1     h2 years_pos   coin  longs  shorts
US500 15m      rsi   1H   2xATR  opp  465 0.020   0.002 0.280 0.385  0.031  0.008       2/2  0.017 -0.002   0.051
US500  5m      rsi   4H 0.5dATR   3R 1279 0.019   0.019 0.782 0.500  0.009  0.029       1/2  0.000  0.018   0.021
US500 15m  ema9x21   4H 0.5dATR   3R  719 0.012   0.059 0.411 0.484  0.044 -0.019       2/2 -0.047  0.022  -0.039
US500  5m     macd   4H 0.5dATR   1R 3828 0.011   0.029 0.980 0.516  0.015  0.007       2/2 -0.018  0.023  -0.056
US500  5m     macd   4H 0.5dATR   2R 3828 0.009   0.022 0.782 0.498  0.027 -0.009       2/2 -0.013  0.021  -0.050
US500  5m     macd   4H 0.5dATR   3R 3828 0.009   0.026 0.764 0.498  0.028 -0.010       2/2 -0.017  0.023  -0.065
US500 15m      rsi   1H   2xATR   3R  465 0.009   0.048 0.148 0.394 -0.002  0.020       1/2 -0.038 -0.018   0.049
US500  5m      rsi   4H 0.5dATR   2R 1279 0.007   0.007 0.290 0.500 -0.007  0.021       1/2 -0.001  0.006   0.010
US500 15m      rsi   1H 0.5dATR   3R  465 0.005   0.035 0.131 0.488  0.001  0.010       1/2 -0.030 -0.017   0.037
US500 15m  ema9x21   4H 0.5dATR   2R  719 0.005   0.047 0.174 0.484  0.041 -0.031       1/2 -0.042  0.017  -0.056
US500 15m ema20x50 none   2xATR  opp  600 0.005   0.073 0.073 0.330 -0.031  0.041       1/2 -0.068 -0.008   0.018
US500  5m      rsi none 0.5dATR   3R 2747 0.005   0.035 0.305 0.476  0.001  0.009       1/2 -0.030  0.031  -0.017
...
  sym tf signal htf  stop exit    n   avgR  excess      t   win     h1     h2 years_pos   coin  longs  shorts
US500 5m    rsi  1H 2xATR  opp 1337 -0.128  -0.125 -2.942 0.272 -0.088 -0.169       0/2 -0.003 -0.069  -0.223
US500 5m    rsi  1H 2xATR   2R 1337 -0.120  -0.061 -3.374 0.325 -0.102 -0.138       0/2 -0.059 -0.098  -0.155
US500 5m    rsi  1H 2xATR   1R 1337 -0.115  -0.037 -4.344 0.456 -0.146 -0.083       0/2 -0.078 -0.118  -0.110
US500 5m    rsi  4H 2xATR   1R 1279 -0.113  -0.014 -4.168 0.460 -0.132 -0.094       0/2 -0.098 -0.109  -0.129
US500 5m   macd  4H 2xATR   1R 3828 -0.110  -0.007 -7.040 0.465 -0.110 -0.110       0/2 -0.103 -0.112  -0.099
by signal: {'ema20x50': -0.022, 'ema9x21': -0.037, 'macd': -0.034, 'rsi': -0.035} | by htf: {'1H': -0.04, '4H': -0.026, 'none': -0.03}
by exit: {'1R': -0.041, '2R': -0.032, '3R': -0.026, 'opp': -0.03} | by stop: {'0.5dATR': -0.012, '2xATR': -0.053} | coin-flip mean: -0.036
