US100: 192 cells; cells with avgR > 0: 39; with avgR >= 0.05 and t >= 2 and both halves > 0: 0
  sym  tf   signal  htf  stop exit    n  avgR  excess     t   win     h1     h2 years_pos   coin  longs  shorts
US100  5m ema20x50   1H 2xATR   3R  862 0.059   0.051 1.085 0.331  0.056  0.061       2/2  0.008  0.068   0.042
US100  5m ema20x50   1H 2xATR   2R  862 0.054   0.032 1.190 0.387  0.018  0.091       1/2  0.022  0.035   0.089
US100  5m ema20x50   4H 2xATR   3R  873 0.049   0.112 0.922 0.336  0.132 -0.035       1/2 -0.063  0.066  -0.009
US100  5m  ema9x21   4H 2xATR  opp 2123 0.039   0.032 0.998 0.302  0.002  0.075       1/2  0.007  0.034   0.056
US100  5m  ema9x21   4H 2xATR   3R 2123 0.038   0.091 1.113 0.329 -0.011  0.087       1/2 -0.053  0.030   0.068
US100  5m ema20x50   4H 2xATR   2R  873 0.037   0.099 0.836 0.386  0.053  0.022       2/2 -0.062  0.039   0.032
US100  5m ema20x50 none 2xATR   2R 1759 0.034   0.038 1.057 0.381  0.052  0.015       2/2 -0.004  0.033   0.034
US100 15m  ema9x21   4H 2xATR   3R  676 0.032   0.072 0.607 0.367  0.023  0.042       1/2 -0.040  0.006   0.121
US100  5m ema20x50   4H 2xATR   1R  873 0.030   0.116 0.919 0.522  0.037  0.022       2/2 -0.087  0.030   0.028
US100 15m  ema9x21 none 2xATR  opp 1365 0.028  -0.016 0.625 0.289  0.026  0.029       2/2  0.043  0.029   0.026
US100  5m  ema9x21   4H 2xATR   2R 2123 0.022   0.067 0.764 0.383 -0.042  0.086       1/2 -0.045  0.005   0.082
US100  5m ema20x50   1H 2xATR   1R  862 0.022   0.030 0.672 0.519  0.007  0.037       1/2 -0.008  0.025   0.017
...
  sym  tf signal  htf  stop exit    n   avgR  excess      t   win     h1     h2 years_pos   coin  longs  shorts
US100 15m    rsi none 2xATR  opp 1015 -0.142  -0.178 -3.347 0.318 -0.165 -0.120       0/2  0.035 -0.073  -0.200
US100 15m    rsi   1H 2xATR   3R  467 -0.139  -0.093 -2.368 0.332 -0.173 -0.104       0/2 -0.046 -0.159  -0.111
US100 15m    rsi   1H 2xATR   1R  467 -0.135  -0.095 -3.231 0.441 -0.144 -0.127       0/2 -0.040 -0.153  -0.111
US100 15m    rsi none 2xATR   3R 1015 -0.133  -0.147 -3.280 0.326 -0.177 -0.090       0/2  0.014 -0.093  -0.167
US100 15m    rsi   1H 2xATR  opp  467 -0.124  -0.090 -1.932 0.325 -0.130 -0.118       0/2 -0.034 -0.119  -0.130
by signal: {'ema20x50': -0.014, 'ema9x21': -0.006, 'macd': -0.019, 'rsi': -0.065} | by htf: {'1H': -0.037, '4H': -0.017, 'none': -0.024}
by exit: {'1R': -0.032, '2R': -0.023, '3R': -0.023, 'opp': -0.026} | by stop: {'0.5dATR': -0.017, '2xATR': -0.036} | coin-flip mean: -0.017
