BTC bars/day by year: {2020: 36.9, 2021: 40.4, 2022: 46.8, 2023: 47.0, 2024: 46.3, 2025: 45.8, 2026: 46.3}

10 BTC weekend return (Fri 21:00 -> Mon 00:00 UTC, ATR units): n=252 avg=+0.057 t=+1.2 up=53%  | weekday day return avg=+0.024 (n=1313)
   per year: {2021: 0.17, 2022: -0.16, 2023: 0.25, 2024: 0.1, 2025: 0.09, 2026: -0.03}
   Monday breakout of the weekend range (stop at range mid, exit Monday close): n=220 avgR=+0.061 t=+0.7 win=40% stop=34%
   per year: {2021: -0.16, 2022: 0.11, 2023: -0.02, 2024: 0.21, 2025: 0.04, 2026: -0.0}

11 gold hour-of-day (NY hour): mean return bp/hour, years with same sign (of 14), round-trip cost bp
   00:00  +0.31 bp  +11/-3  cost 1.53 bp <-- qualifies
   01:00  +0.32 bp  +8/-6  cost 1.53 bp
   02:00  -0.22 bp  +5/-9  cost 1.54 bp
   03:00  -0.42 bp  +7/-7  cost 1.54 bp
   04:00  -0.36 bp  +8/-6  cost 1.54 bp
   05:00  -0.47 bp  +7/-7  cost 1.54 bp
   06:00  +0.15 bp  +9/-5  cost 1.54 bp
   07:00  +0.21 bp  +7/-7  cost 1.54 bp
   08:00  -0.13 bp  +8/-6  cost 1.54 bp
   09:00  -0.94 bp  +4/-10  cost 1.54 bp <-- qualifies
   10:00  +0.74 bp  +12/-2  cost 1.54 bp <-- qualifies
   11:00  +0.18 bp  +8/-6  cost 1.54 bp
   12:00  -0.42 bp  +6/-8  cost 1.53 bp
   13:00  +0.07 bp  +6/-8  cost 1.53 bp
   14:00  +0.04 bp  +9/-5  cost 1.53 bp
   15:00  -0.11 bp  +3/-11  cost 1.54 bp <-- qualifies
   16:00  +0.22 bp  +7/-7  cost 1.54 bp
   17:00  -3.38 bp  +1/-2  cost 2.13 bp
   18:00  +1.55 bp  +11/-3  cost 1.51 bp <-- qualifies
   19:00  +0.62 bp  +12/-2  cost 1.53 bp <-- qualifies
   20:00  +0.54 bp  +10/-4  cost 1.53 bp <-- qualifies
   21:00  +0.39 bp  +10/-4  cost 1.53 bp <-- qualifies
   22:00  +0.13 bp  +8/-6  cost 1.53 bp
   23:00  -0.13 bp  +6/-8  cost 1.53 bp
   always-on long at 00:00 NY: n=3760 net -1.23 bp/trade t=-5.5; per year: {2012: -1.5, 2013: -0.3, 2014: -2.3, 2015: -1.8, 2016: -2.3, 2017: -1.7, 2018: -2.8, 2019: -0.9, 2020: -1.6, 2021: 1.1, 2022: -1.8, 2023: -0.5, 2024: -0.5, 2025: 0.3, 2026: -2.1}
   always-on short at 09:00 NY: n=3770 net -0.60 bp/trade t=-1.2; per year: {2012: -2.0, 2013: 1.2, 2014: -2.1, 2015: -3.2, 2016: 1.0, 2017: -1.2, 2018: -1.5, 2019: -1.4, 2020: -0.9, 2021: 2.1, 2022: -2.6, 2023: 1.7, 2024: 0.6, 2025: 1.1, 2026: -2.7}
   always-on long at 10:00 NY: n=3768 net -0.80 bp/trade t=-1.5; per year: {2012: 2.6, 2013: -1.0, 2014: -2.3, 2015: -4.5, 2016: -2.5, 2017: 0.3, 2018: -1.7, 2019: -0.7, 2020: -0.1, 2021: 0.1, 2022: 0.8, 2023: -0.1, 2024: -0.8, 2025: 1.5, 2026: -4.7}
   always-on short at 15:00 NY: n=3649 net -1.43 bp/trade t=-4.8; per year: {2012: -3.3, 2013: -1.2, 2014: -2.3, 2015: -1.8, 2016: -1.8, 2017: -1.8, 2018: -1.4, 2019: -1.6, 2020: -0.7, 2021: -0.4, 2022: 0.4, 2023: 0.1, 2024: 0.1, 2025: -4.3, 2026: -1.4}
   always-on long at 18:00 NY: n=3595 net +0.04 bp/trade t=+0.1; per year: {2012: -1.5, 2013: -2.1, 2014: -4.1, 2015: -2.8, 2016: -1.4, 2017: -0.8, 2018: -1.0, 2019: -0.8, 2020: 1.7, 2021: -3.0, 2022: -0.6, 2023: 2.1, 2024: 0.5, 2025: 2.6, 2026: 17.8}
   always-on long at 19:00 NY: n=3746 net -0.91 bp/trade t=-3.9; per year: {2012: -2.4, 2013: -3.1, 2014: -2.3, 2015: -1.5, 2016: -0.9, 2017: -1.9, 2018: -1.4, 2019: -0.9, 2020: 1.2, 2021: 0.0, 2022: -0.2, 2023: 0.3, 2024: -0.5, 2025: -0.4, 2026: 0.7}
   always-on long at 20:00 NY: n=3758 net -0.99 bp/trade t=-3.2; per year: {2012: -1.0, 2013: -3.8, 2014: -0.6, 2015: -2.2, 2016: -2.0, 2017: -2.4, 2018: -1.7, 2019: -1.0, 2020: -0.7, 2021: 0.1, 2022: -2.0, 2023: 0.1, 2024: -0.4, 2025: 1.5, 2026: 2.6}
   always-on long at 21:00 NY: n=3757 net -1.14 bp/trade t=-3.2; per year: {2012: -1.1, 2013: -1.3, 2014: -2.0, 2015: -3.5, 2016: -1.3, 2017: -1.1, 2018: -2.6, 2019: -1.5, 2020: -1.3, 2021: 1.2, 2022: -0.9, 2023: -0.0, 2024: -0.4, 2025: 0.1, 2026: -1.5}
