
== gold 5-minute confirmation, 3R ==
real levels, all             n=19751  avgR=-0.182  t=-15.3  win=22%  stop=77%  gross=-0.085
  W levels                   n=14956  avgR=-0.175  t=-12.8  win=23%  stop=77%  gross=-0.080
  M levels                   n= 3176  avgR=-0.204  t=-6.9  win=22%  stop=77%  gross=-0.107
  Q levels                   n=  985  avgR=-0.236  t=-4.5  win=21%  stop=77%  gross=-0.129
  H levels                   n=  473  avgR=-0.186  t=-2.4  win=22%  stop=76%  gross=-0.080
  Y levels                   n=  161  avgR=-0.011  t=-0.1  win=27%  stop=72%  gross=+0.089
  first touch                n= 3466  avgR=-0.184  t=-6.4  win=23%  stop=77%  gross=-0.079
  2020-2026 only             n= 8525  avgR=-0.118  t=-6.5  win=23%  stop=76%  gross=-0.073
year      2012     2013    2014     2015     2016     2017     2018     2019     2020     2021     2022     2023    2024     2025    2026
count  1296.00  1416.00  1424.0  1391.00  1682.00  1337.00  1288.00  1392.00  1097.00  1474.00  1312.00  1158.00  1416.0  1227.00  841.00
mean     -0.26    -0.25    -0.3    -0.22    -0.26    -0.21    -0.17    -0.16    -0.14    -0.14    -0.07    -0.06    -0.1    -0.14   -0.19
fake levels                  n=16746  avgR=-0.164  t=-12.6  win=23%  stop=76%  gross=-0.074
elapsed 67

== gold 15-minute confirmation, 3R ==
real levels, all             n=11049  avgR=-0.110  t=-6.9  win=22%  stop=74%  gross=-0.042
  W levels                   n= 8293  avgR=-0.107  t=-5.8  win=23%  stop=74%  gross=-0.038
  M levels                   n= 1748  avgR=-0.121  t=-3.0  win=22%  stop=75%  gross=-0.054
  Q levels                   n=  566  avgR=-0.119  t=-1.7  win=22%  stop=75%  gross=-0.051
  H levels                   n=  332  avgR=-0.183  t=-2.1  win=20%  stop=76%  gross=-0.116
  Y levels                   n=  110  avgR=+0.095  t=+0.6  win=26%  stop=69%  gross=+0.155
  first touch                n= 3063  avgR=-0.126  t=-4.1  win=23%  stop=75%  gross=-0.051
  2020-2026 only             n= 4724  avgR=-0.067  t=-2.7  win=23%  stop=74%  gross=-0.035
year     2012    2013    2014    2015    2016    2017    2018    2019    2020    2021    2022    2023    2024    2025    2026
count  794.00  844.00  792.00  745.00  951.00  727.00  794.00  678.00  703.00  706.00  699.00  748.00  751.00  660.00  457.00
mean    -0.06   -0.08   -0.29   -0.05   -0.29   -0.16   -0.11   -0.06   -0.23   -0.07    0.19   -0.06   -0.16   -0.06   -0.07
fake levels                  n= 9254  avgR=-0.099  t=-5.7  win=23%  stop=74%  gross=-0.034
elapsed 21
